-------------------------------------------------------------------------------------------------
      name:  <unnamed>
       log:  /Users/zihan/Downloads/144981-V1/data/pop/\logs\figs_2a_2b.log
  log type:  text
 opened on:  23 Feb 2022, 10:18:14

. 
. *Data Work, Merge All Sources Together:
. import delimited $ft_data_dir\figs_2a_2b.csv, clear
file \figs_2a_2b.csv not found
r(601);

end of do-file

r(601);

. use "/Users/zihan/Downloads/144981-V1/data/pop/age_race_comp_seer.dta"

. use "/Users/zihan/Downloads/144981-V1/data/pop/age_race_comp_seer.dta"

. use "/Users/zihan/Downloads/144981-V1/data/pop/age_race_comp_seer.dta"

. use "/Users/zihan/Downloads/144981-V1/data/nchs/nchs_births_pop_1990_2019.dta"

